---
source: zellij-server/src/./unit/screen_tests.rs
assertion_line: 1889
expression: "format!(\"{:?}\", * received_pty_instructions.lock().unwrap())"
---
[SpawnTerminalVertically(Some(RunCommand(RunCommand { command: "htop", args: [], cwd: Some("/some/folder") })), 10), UpdateActivePane(Some(Terminal(0)), 1), UpdateActivePane(Some(Terminal(0)), 1), UpdateActivePane(Some(Terminal(0)), 1), Exit]
