---
source: zellij-utils/src/input/./unit/layout_test.rs
assertion_line: 966
expression: "format!(\"{:?}\", layout_error)"
---
KdlError(KdlError { error_message: "Tab templates must have a name", src: Some(NamedSource { name: "layout_file_name", source: "<redacted>"), offset: Some(30), len: Some(95) })
