---
source: zellij-utils/src/input/./unit/layout_test.rs
assertion_line: 926
expression: "format!(\"{:?}\", layout_error)"
---
KdlError(KdlError { error_message: "Unknown pane property: spit_size", src: Some(NamedSource { name: "layout_file_name", source: "<redacted>"), offset: Some(35), len: Some(11) })
